// Jest Snapshot v1, https://goo.gl/fbAQLP

exports[`<Footer /> component should load the initial state of Footer component 1`] = `
.emotion-0 {
  background: #f9f9f9;
  border-top: 1px solid #e3e3e3;
  color: #999999;
  font-size: 14px;
  padding: 20px;
}

.emotion-2 {
  display: -webkit-box;
  display: -webkit-flex;
  display: -ms-flexbox;
  display: flex;
  -webkit-align-items: center;
  -webkit-box-align: center;
  -ms-flex-align: center;
  align-items: center;
  -webkit-box-pack: end;
  -webkit-justify-content: flex-end;
  -ms-flex-pack: end;
  justify-content: flex-end;
  width: 100%;
}

@media (min-width:768px) {
  .emotion-2 {
    min-width: 400px;
    max-width: 800px;
    margin: auto;
    -webkit-box-pack: justify;
    -webkit-justify-content: space-between;
    -ms-flex-pack: justify;
    justify-content: space-between;
  }
}

@media (min-width:1024px) {
  .emotion-2 {
    max-width: 1240px;
  }
}

.emotion-4 {
  -webkit-align-items: center;
  -webkit-box-align: center;
  -ms-flex-align: center;
  align-items: center;
  display: none;
}

@media (min-width:768px) {
  .emotion-4 {
    display: -webkit-box;
    display: -webkit-flex;
    display: -ms-flexbox;
    display: flex;
  }
}

.emotion-6 {
  color: #e25555;
  padding: 0 5px;
}

.emotion-8 {
  position: relative;
  height: 18px;
}

.emotion-8:hover .emotion-14 {
  visibility: visible;
}

.emotion-11 {
  width: 18px;
  height: 18px;
  margin: 0px 8px;
}

.emotion-13 {
  display: inline-grid;
  grid-template-columns: repeat(8,max-content);
  grid-gap: 0px 8px;
  position: absolute;
  background: #d3dddd;
  padding: 1px 4px;
  border-radius: 3px;
  height: 20px;
  -webkit-align-items: center;
  -webkit-box-align: center;
  -ms-flex-align: center;
  align-items: center;
  visibility: hidden;
  top: -2px;
}

.emotion-13:before {
  content: '';
  position: absolute;
  top: 29%;
  left: -4px;
  margin-left: -5px;
  border: 5px solid;
  border-color: #d3dddd transparent transparent transparent;
  -webkit-transform: rotate(90deg);
  -ms-transform: rotate(90deg);
  transform: rotate(90deg);
}

.emotion-15 {
  width: 18px;
  height: 18px;
}

.emotion-31 {
  -webkit-align-items: center;
  -webkit-box-align: center;
  -ms-flex-align: center;
  align-items: center;
  display: none;
  display: -webkit-box;
  display: -webkit-flex;
  display: -ms-flexbox;
  display: flex;
}

@media (min-width:768px) {
  .emotion-31 {
    display: -webkit-box;
    display: -webkit-flex;
    display: -ms-flexbox;
    display: flex;
  }
}

.emotion-33 {
  display: inline-block;
  vertical-align: middle;
  box-sizing: border-box;
  background-position: center;
  background-size: contain;
  background-image: url([object Object]);
  background-repeat: no-repeat;
  width: 30px;
  height: 30px;
}

<div
  class="emotion-0 emotion-1"
>
  <div
    class="emotion-2 emotion-3"
  >
    <div
      class="emotion-4 emotion-5"
    >
      Made with
      <span
        class="emotion-6 emotion-7"
      >
        â™¥
      </span>
       on
      <span
        class="emotion-8 emotion-9"
      >
        <svg
          aria-hidden="true"
          class="MuiSvgIcon-root emotion-10 emotion-11 emotion-12"
          focusable="false"
          viewBox="0 0 45 45"
        >
          <defs>
            <clippath
              id="prefix__a"
            >
              <path
                d="M0 36h36V0H0v36z"
              />
            </clippath>
            <clippath
              id="prefix__b"
            >
              <path
                d="M18 36C8.059 36 0 27.941 0 18S8.059 0 18 0s18 8.059 18 18-8.059 18-18 18z"
              />
            </clippath>
          </defs>
          <g
            clip-path="url(#prefix__a)"
            transform="matrix(1.25 0 0 -1.25 0 45)"
          >
            <path
              d="M36 18c0-9.941-8.059-18-18-18S0 8.059 0 18s8.059 18 18 18 18-8.059 18-18"
              fill="#88c9f9"
            />
          </g>
          <g
            clip-path="url(#prefix__b)"
            transform="matrix(1.25 0 0 -1.25 0 45)"
          >
            <path
              d="M3.627 28.952c-.45 2.93 2.195 4.156 3.607 4.47 1.412.314 2.776.62 2.933-.006.156-.628.311-1.46 1.173-1.148.862.314 3.043.56 4.063 1.342 1.02.783 2.244.787 3.264.473 1.02-.313 3.877-.227 3.25-1.167-.627-.94-1.825-.827-2.45-1.924-.628-1.099.171-1.826 1.033-1.826.865 0 1.71-.135 2.26.727.548.863-.383 2.463.324 2.357.706-.106 1.477-.866 2.03-2.043.547-1.176 1.408-.47 1.723-1.176.313-.705 2.04-2.039 1.177-1.804-.864.236-1.726.392-1.96-.47-.237-.863.388-1.726-.237-1.647-.627.08-.86-.089-1.725-.004-.862.083-1.333.631-2.039-.545-.705-1.175-1.254-1.96-1.567-2.509-.315-.549-.785-.86-.55-1.96.235-1.099-.628-.785-.628.156 0 .94-.548 1.098-1.253.942-.706-.157-1.803-.313-1.724-1.098.077-.784-.315-1.725.313-2.352.627-.629 1.33.076 1.723-.158.393-.237 1.525-.023 1.133-.416-.393-.39-1.76-.88-.976-1.509a4.831 4.831 0 011.893-.907c.313-.08.062.774 1.083 1.166 1.017.392 2.608 1.29 3 .584.391-.705.338-.595 1.75-.75 1.41-.156 1.79-.585 2.417-1.917.626-1.333.446-1.192 1.462-1.58 1.021-.394 1.678-.223.737-1.087-.94-.86-1.65-.814-2.199-1.833-.55-1.017-.153-1.73-1.25-2.75A20.755 20.755 0 0024 4c-.618-.37-2.162-2.07-3.083-2.667-.834-.54-1.083 0-1.083 0s.256 1.667.964 2.372c.704.705 1.105 3.344.87 4.128-.235.783-1.36 1.02-1.75 1.333-.393.312-1.418 1.548-1.418 2.334 0 .784 1.71 2.81 1.71 2.81.218-1.089-1.039.328-1.627.523-.47.157-1.542 1.656-2.459 1.814-.916.16-1.363.7-2.068 1.25-.706.55-2.43 1.332-2.353 2.195.08.862-1.725 1.568-2.038 1.568-.314 0-1.019 0-1.647 1.098-.627 1.098-1.725 2.196-1.41 2.98.312.783.391 1.726.233 2.588-.156.862-1.332 1.176-1.567.941-.235-.236-1.489-1.335-1.647-.315"
              fill="#5c913b"
            />
          </g>
        </svg>
        <span
          class="emotion-13 emotion-14"
        >
          <svg
            class="MuiSvgIcon-root emotion-15 emotion-12"
            focusable="false"
            role="img"
            viewBox="0 0 45 45"
          >
            <defs>
              <clippath
                id="prefix__a"
              >
                <path
                  d="M0 36h36V0H0v36z"
                />
              </clippath>
            </defs>
            <g
              clip-path="url(#prefix__a)"
              transform="matrix(1.25 0 0 -1.25 0 45)"
            >
              <path
                d="M36 9a4 4 0 00-4-4H4a4 4 0 00-4 4v18a4 4 0 004 4h28a4 4 0 004-4V9z"
                fill="#de2910"
              />
              <path
                d="M7 25.049l.929-2.67 2.826-.06-2.253-1.706.819-2.707L7 19.52l-2.321-1.615.819 2.707-2.253 1.707 2.826.059.929 2.67zm6 3.423l.34-.688.759-.11-.549-.536.129-.756-.679.357-.679-.357.13.756-.55.536.76.11.339.688zm2-4l.34-.688.759-.11-.549-.536.129-.756-.679.357-.679-.357.13.756-.55.536.76.11.339.688zm0-4l.34-.688.759-.11-.549-.536.129-.756-.679.357-.679-.357.13.756-.55.536.76.11.339.688zm-2-3.999l.34-.69.759-.11-.549-.534.129-.757-.679.357-.679-.357.13.757-.55.535.76.11.339.689z"
                fill="#ffde02"
              />
            </g>
            <title>
              China
            </title>
          </svg>
        </span>
      </span>
    </div>
    <div
      class="emotion-31 emotion-32"
    >
      Powered by
      <div
        class="emotion-33 emotion-34"
      />
      / v.1.0.0
    </div>
  </div>
</div>
`;
